cl : ligne de commande  warning D9002: option '/arch:SSE' inconnue ignorée
  common.c
  instrum.c
  mix.c
C:\Users\arthu\Documents\GitHub\distorsion-engine\lib\SDL3_mixer\src\timidity\common.c(11,10): error C1083: Impossible d'ouvrir le fichier include : 'SDL3/SDL.h' : No such file or directory
C:\Users\arthu\Documents\GitHub\distorsion-engine\lib\SDL3_mixer\src\timidity\instrum.c(15,10): error C1083: Impossible d'ouvrir le fichier include : 'SDL3/SDL.h' : No such file or directory
C:\Users\arthu\Documents\GitHub\distorsion-engine\lib\SDL3_mixer\src\timidity\mix.c(10,10): error C1083: Impossible d'ouvrir le fichier include : 'SDL3/SDL.h' : No such file or directory
  output.c
C:\Users\arthu\Documents\GitHub\distorsion-engine\lib\SDL3_mixer\src\timidity\output.c(13,10): error C1083: Impossible d'ouvrir le fichier include : 'SDL3/SDL.h' : No such file or directory
  playmidi.c
C:\Users\arthu\Documents\GitHub\distorsion-engine\lib\SDL3_mixer\src\timidity\playmidi.c(11,10): error C1083: Impossible d'ouvrir le fichier include : 'SDL3/SDL.h' : No such file or directory
  readmidi.c
C:\Users\arthu\Documents\GitHub\distorsion-engine\lib\SDL3_mixer\src\timidity\readmidi.c(9,10): error C1083: Impossible d'ouvrir le fichier include : 'SDL3/SDL.h' : No such file or directory
  resample.c
C:\Users\arthu\Documents\GitHub\distorsion-engine\lib\SDL3_mixer\src\timidity\resample.c(12,10): error C1083: Impossible d'ouvrir le fichier include : 'SDL3/SDL.h' : No such file or directory
  tables.c
C:\Users\arthu\Documents\GitHub\distorsion-engine\lib\SDL3_mixer\src\timidity\tables.c(9,10): error C1083: Impossible d'ouvrir le fichier include : 'SDL3/SDL.h' : No such file or directory
  timidity.c
C:\Users\arthu\Documents\GitHub\distorsion-engine\lib\SDL3_mixer\src\timidity\timidity.c(9,10): error C1083: Impossible d'ouvrir le fichier include : 'SDL3/SDL.h' : No such file or directory
  Génération de code en cours...
